// Jest Snapshot v1, https://goo.gl/fbAQLP

exports[`Welcome should always match the snapshot 1`] = `
ShallowWrapper {
  "length": 1,
  Symbol(enzyme.__root__): [Circular],
  Symbol(enzyme.__unrendered__): <Header />,
  Symbol(enzyme.__renderer__): Object {
    "batchedUpdates": [Function],
    "getNode": [Function],
    "render": [Function],
    "simulateEvent": [Function],
    "unmount": [Function],
  },
  Symbol(enzyme.__node__): Object {
    "instance": null,
    "key": undefined,
    "nodeType": "host",
    "props": Object {
      "children": Array [
        <ul
          className="header__nav__list"
>
          <li
                    className="header__nav__list__item"
          >
                    <Link
                              replace={false}
                              to="/dashboard"
                    >
                              dashboard
                    </Link>
          </li>
          <li
                    className="header__nav__list"
          >
                    <Link
                              replace={false}
                              to="/favorites"
                    >
                              favorites
                    </Link>
          </li>
          <li
                    className="header__nav__list"
          >
                    <Link
                              replace={false}
                              to="/visited"
                    >
                              visited
                    </Link>
          </li>
          <li
                    className="header__nav__list"
          >
                    <Link
                              replace={false}
                              to="/wants"
                    >
                              want to go
                    </Link>
          </li>
          <li
                    className="header__nav__list"
          >
                    <Link
                              replace={false}
                              to="/profile"
                    >
                              profile
                    </Link>
          </li>
</ul>,
        <button>
          log out
</button>,
      ],
      "className": "header__nav",
    },
    "ref": null,
    "rendered": Array [
      Object {
        "instance": null,
        "key": undefined,
        "nodeType": "host",
        "props": Object {
          "children": Array [
            <li
              className="header__nav__list__item"
>
              <Link
                            replace={false}
                            to="/dashboard"
              >
                            dashboard
              </Link>
</li>,
            <li
              className="header__nav__list"
>
              <Link
                            replace={false}
                            to="/favorites"
              >
                            favorites
              </Link>
</li>,
            <li
              className="header__nav__list"
>
              <Link
                            replace={false}
                            to="/visited"
              >
                            visited
              </Link>
</li>,
            <li
              className="header__nav__list"
>
              <Link
                            replace={false}
                            to="/wants"
              >
                            want to go
              </Link>
</li>,
            <li
              className="header__nav__list"
>
              <Link
                            replace={false}
                            to="/profile"
              >
                            profile
              </Link>
</li>,
          ],
          "className": "header__nav__list",
        },
        "ref": null,
        "rendered": Array [
          Object {
            "instance": null,
            "key": undefined,
            "nodeType": "host",
            "props": Object {
              "children": <Link
                replace={false}
                to="/dashboard"
>
                dashboard
</Link>,
              "className": "header__nav__list__item",
            },
            "ref": null,
            "rendered": Object {
              "instance": null,
              "key": undefined,
              "nodeType": "class",
              "props": Object {
                "children": "dashboard",
                "replace": false,
                "to": "/dashboard",
              },
              "ref": null,
              "rendered": "dashboard",
              "type": [Function],
            },
            "type": "li",
          },
          Object {
            "instance": null,
            "key": undefined,
            "nodeType": "host",
            "props": Object {
              "children": <Link
                replace={false}
                to="/favorites"
>
                favorites
</Link>,
              "className": "header__nav__list",
            },
            "ref": null,
            "rendered": Object {
              "instance": null,
              "key": undefined,
              "nodeType": "class",
              "props": Object {
                "children": "favorites",
                "replace": false,
                "to": "/favorites",
              },
              "ref": null,
              "rendered": "favorites",
              "type": [Function],
            },
            "type": "li",
          },
          Object {
            "instance": null,
            "key": undefined,
            "nodeType": "host",
            "props": Object {
              "children": <Link
                replace={false}
                to="/visited"
>
                visited
</Link>,
              "className": "header__nav__list",
            },
            "ref": null,
            "rendered": Object {
              "instance": null,
              "key": undefined,
              "nodeType": "class",
              "props": Object {
                "children": "visited",
                "replace": false,
                "to": "/visited",
              },
              "ref": null,
              "rendered": "visited",
              "type": [Function],
            },
            "type": "li",
          },
          Object {
            "instance": null,
            "key": undefined,
            "nodeType": "host",
            "props": Object {
              "children": <Link
                replace={false}
                to="/wants"
>
                want to go
</Link>,
              "className": "header__nav__list",
            },
            "ref": null,
            "rendered": Object {
              "instance": null,
              "key": undefined,
              "nodeType": "class",
              "props": Object {
                "children": "want to go",
                "replace": false,
                "to": "/wants",
              },
              "ref": null,
              "rendered": "want to go",
              "type": [Function],
            },
            "type": "li",
          },
          Object {
            "instance": null,
            "key": undefined,
            "nodeType": "host",
            "props": Object {
              "children": <Link
                replace={false}
                to="/profile"
>
                profile
</Link>,
              "className": "header__nav__list",
            },
            "ref": null,
            "rendered": Object {
              "instance": null,
              "key": undefined,
              "nodeType": "class",
              "props": Object {
                "children": "profile",
                "replace": false,
                "to": "/profile",
              },
              "ref": null,
              "rendered": "profile",
              "type": [Function],
            },
            "type": "li",
          },
        ],
        "type": "ul",
      },
      Object {
        "instance": null,
        "key": undefined,
        "nodeType": "host",
        "props": Object {
          "children": "log out",
        },
        "ref": null,
        "rendered": "log out",
        "type": "button",
      },
    ],
    "type": "nav",
  },
  Symbol(enzyme.__nodes__): Array [
    Object {
      "instance": null,
      "key": undefined,
      "nodeType": "host",
      "props": Object {
        "children": Array [
          <ul
            className="header__nav__list"
>
            <li
                        className="header__nav__list__item"
            >
                        <Link
                                    replace={false}
                                    to="/dashboard"
                        >
                                    dashboard
                        </Link>
            </li>
            <li
                        className="header__nav__list"
            >
                        <Link
                                    replace={false}
                                    to="/favorites"
                        >
                                    favorites
                        </Link>
            </li>
            <li
                        className="header__nav__list"
            >
                        <Link
                                    replace={false}
                                    to="/visited"
                        >
                                    visited
                        </Link>
            </li>
            <li
                        className="header__nav__list"
            >
                        <Link
                                    replace={false}
                                    to="/wants"
                        >
                                    want to go
                        </Link>
            </li>
            <li
                        className="header__nav__list"
            >
                        <Link
                                    replace={false}
                                    to="/profile"
                        >
                                    profile
                        </Link>
            </li>
</ul>,
          <button>
            log out
</button>,
        ],
        "className": "header__nav",
      },
      "ref": null,
      "rendered": Array [
        Object {
          "instance": null,
          "key": undefined,
          "nodeType": "host",
          "props": Object {
            "children": Array [
              <li
                className="header__nav__list__item"
>
                <Link
                                replace={false}
                                to="/dashboard"
                >
                                dashboard
                </Link>
</li>,
              <li
                className="header__nav__list"
>
                <Link
                                replace={false}
                                to="/favorites"
                >
                                favorites
                </Link>
</li>,
              <li
                className="header__nav__list"
>
                <Link
                                replace={false}
                                to="/visited"
                >
                                visited
                </Link>
</li>,
              <li
                className="header__nav__list"
>
                <Link
                                replace={false}
                                to="/wants"
                >
                                want to go
                </Link>
</li>,
              <li
                className="header__nav__list"
>
                <Link
                                replace={false}
                                to="/profile"
                >
                                profile
                </Link>
</li>,
            ],
            "className": "header__nav__list",
          },
          "ref": null,
          "rendered": Array [
            Object {
              "instance": null,
              "key": undefined,
              "nodeType": "host",
              "props": Object {
                "children": <Link
                  replace={false}
                  to="/dashboard"
>
                  dashboard
</Link>,
                "className": "header__nav__list__item",
              },
              "ref": null,
              "rendered": Object {
                "instance": null,
                "key": undefined,
                "nodeType": "class",
                "props": Object {
                  "children": "dashboard",
                  "replace": false,
                  "to": "/dashboard",
                },
                "ref": null,
                "rendered": "dashboard",
                "type": [Function],
              },
              "type": "li",
            },
            Object {
              "instance": null,
              "key": undefined,
              "nodeType": "host",
              "props": Object {
                "children": <Link
                  replace={false}
                  to="/favorites"
>
                  favorites
</Link>,
                "className": "header__nav__list",
              },
              "ref": null,
              "rendered": Object {
                "instance": null,
                "key": undefined,
                "nodeType": "class",
                "props": Object {
                  "children": "favorites",
                  "replace": false,
                  "to": "/favorites",
                },
                "ref": null,
                "rendered": "favorites",
                "type": [Function],
              },
              "type": "li",
            },
            Object {
              "instance": null,
              "key": undefined,
              "nodeType": "host",
              "props": Object {
                "children": <Link
                  replace={false}
                  to="/visited"
>
                  visited
</Link>,
                "className": "header__nav__list",
              },
              "ref": null,
              "rendered": Object {
                "instance": null,
                "key": undefined,
                "nodeType": "class",
                "props": Object {
                  "children": "visited",
                  "replace": false,
                  "to": "/visited",
                },
                "ref": null,
                "rendered": "visited",
                "type": [Function],
              },
              "type": "li",
            },
            Object {
              "instance": null,
              "key": undefined,
              "nodeType": "host",
              "props": Object {
                "children": <Link
                  replace={false}
                  to="/wants"
>
                  want to go
</Link>,
                "className": "header__nav__list",
              },
              "ref": null,
              "rendered": Object {
                "instance": null,
                "key": undefined,
                "nodeType": "class",
                "props": Object {
                  "children": "want to go",
                  "replace": false,
                  "to": "/wants",
                },
                "ref": null,
                "rendered": "want to go",
                "type": [Function],
              },
              "type": "li",
            },
            Object {
              "instance": null,
              "key": undefined,
              "nodeType": "host",
              "props": Object {
                "children": <Link
                  replace={false}
                  to="/profile"
>
                  profile
</Link>,
                "className": "header__nav__list",
              },
              "ref": null,
              "rendered": Object {
                "instance": null,
                "key": undefined,
                "nodeType": "class",
                "props": Object {
                  "children": "profile",
                  "replace": false,
                  "to": "/profile",
                },
                "ref": null,
                "rendered": "profile",
                "type": [Function],
              },
              "type": "li",
            },
          ],
          "type": "ul",
        },
        Object {
          "instance": null,
          "key": undefined,
          "nodeType": "host",
          "props": Object {
            "children": "log out",
          },
          "ref": null,
          "rendered": "log out",
          "type": "button",
        },
      ],
      "type": "nav",
    },
  ],
  Symbol(enzyme.__options__): Object {
    "adapter": ReactSixteenAdapter {
      "options": Object {
        "enableComponentDidUpdateOnSetState": true,
      },
    },
  },
}
`;
